XV6_TEST_OUTPUT Start of program - base pages:3 huge pages:0
XV6_TEST_OUTPUT After vmalloc huge, 1MB - program base pages:3 huge pages:1
XV6_TEST_OUTPUT Sanity checking vmalloc address 1E000008
