XV6_TEST_OUTPUT Start of program - base pages:3 huge pages:0
XV6_TEST_OUTPUT After first vmalloc huge, 4 MB - program base pages:3 huge pages:2
XV6_TEST_OUTPUT After second vmalloc, 100 bytes - program base pages:11 huge pages:2
XV6_TEST_OUTPUT After third vmalloc, 5000 bytes - program base pages:11 huge pages:2
XV6_TEST_OUTPUT Freeing vmalloc allocations
XV6_TEST_OUTPUT After freeing data - program base pages:11 huge pages:2
